
================================================================================
PAGE-LEVEL CACHE PERSISTENCE TEST
================================================================================
python : Traceback (most recent call last):
At line:1 char:1
+ python test_cache_simple.py 2>&1 > test_output.txt; 
Get-Content test_ ...
+ ~~~~~~~~~~~~~~~~~~~~~~~~~~~~~~~~~~~~~~~~~~~~~~~~~~
    + CategoryInfo          : NotSpecified: (Traceback (most re 
   cent call last)::String) [], RemoteException
    + FullyQualifiedErrorId : NativeCommandError
 
  File 
"C:\Users\SwatiAgarwal\Desktop\IDP\IDP\test_cache_simple.py", 
line 21, in <module>
    print(f"\n\U0001f4c4 Document ID: {DOC_ID}")
    ~~~~~^^^^^^^^^^^^^^^^^^^^^^^^^^^^^^^
  File "C:\Users\SwatiAgarwal\AppData\Local\Programs\Python\Pyth
on313\Lib\encodings\cp1252.py", line 19, in encode
    return 
codecs.charmap_encode(input,self.errors,encoding_table)[0]
           
~~~~~~~~~~~~~~~~~~~~~^^^^^^^^^^^^^^^^^^^^^^^^^^^^^^^^^^
UnicodeEncodeError: 'charmap' codec can't encode character 
'\U0001f4c4' in position 2: character maps to <undefined>
